python : C:\Users\Gyanendra Parmaar\AppData\Roaming\Py
thon\Python39\site-packages\google\auth\__init__.py:54
: FutureWarning: You are using a Python version 3.9 
past its end of life. Google will update google-auth 
with critical bug fixes on a best-effort basis, but 
not with any other fixes or features. Please upgrade 
your Python version, and then update google-auth.
At line:1 char:1
+ python test_pipeline.py > test_log.txt 2>&1
+ ~~~~~~~~~~~~~~~~~~~~~~~~~~~~~~~~~~~~~~~~~~~
    + CategoryInfo          : NotSpecified: (C:\U    
sers\Gyanen...te google-auth.:String) [], Rem    
oteException
    + FullyQualifiedErrorId : NativeCommandError
 
  warnings.warn(eol_message.format("3.9"), 
FutureWarning)
C:\Users\Gyanendra Parmaar\AppData\Roaming\Python\Pyth
on39\site-packages\google\oauth2\__init__.py:40: 
FutureWarning: You are using a Python version 3.9 
past its end of life. Google will update google-auth 
with critical bug fixes on a best-effort basis, but 
not with any other fixes or features. Please upgrade 
your Python version, and then update google-auth.
  warnings.warn(eol_message.format("3.9"), 
FutureWarning)
Traceback (most recent call last):
  File "C:\Users\Gyanendra Parmaar\AppData\Roaming\Pyt
hon\Python39\site-packages\tenacity\_asyncio.py", 
line 50, in __call__
    result = await fn(*args, **kwargs)
  File "C:\Users\Gyanendra Parmaar\.gemini\antigravity
\scratch\hinge-assistant\backend\mcp_servers\image_ana
lysis.py", line 47, in _call_api
    print(f"       [\u2713] Groq response received.")
  File "C:\Program 
Files\Python39\lib\encodings\cp1252.py", line 19, in 
encode
    return codecs.charmap_encode(input,self.errors,enc
oding_table)[0]
UnicodeEncodeError: 'charmap' codec can't encode 
character '\u2713' in position 8: character maps to 
<undefined>

The above exception was the direct cause of the 
following exception:

Traceback (most recent call last):
  File "C:\Users\Gyanendra Parmaar\.gemini\antigravity
\scratch\hinge-assistant\backend\test_pipeline.py", 
line 14, in main
    results = await run_enhancement_pipeline(
  File "C:\Users\Gyanendra Parmaar\.gemini\antigravity
\scratch\hinge-assistant\backend\pipeline.py", line 
60, in run_enhancement_pipeline
    references = await 
scout.find_references(original_path, vibe=vibe)
  File "C:\Users\Gyanendra Parmaar\.gemini\antigravity
\scratch\hinge-assistant\backend\agents\photo_scout.py
", line 42, in find_references
    analysis = await 
self.analysis.analyze_photo(user_photo_path)
  File "C:\Users\Gyanendra Parmaar\.gemini\antigravity
\scratch\hinge-assistant\backend\mcp_servers\image_ana
lysis.py", line 104, in analyze_photo
    response = await self._call_api(
  File "C:\Users\Gyanendra Parmaar\AppData\Roaming\Pyt
hon\Python39\site-packages\tenacity\_asyncio.py", 
line 88, in async_wrapped
    return await fn(*args, **kwargs)
  File "C:\Users\Gyanendra Parmaar\AppData\Roaming\Pyt
hon\Python39\site-packages\tenacity\_asyncio.py", 
line 47, in __call__
    do = self.iter(retry_state=retry_state)
  File "C:\Users\Gyanendra Parmaar\AppData\Roaming\Pyt
hon\Python39\site-packages\tenacity\__init__.py", 
line 326, in iter
    raise retry_exc from fut.exception()
tenacity.RetryError: RetryError[<Future at 
0x25f4b5e6760 state=finished raised 
UnicodeEncodeError>]
Testing Pipeline with Groq + Gemini integration...
Using test photo: c:/Users/Gyanendra Parmaar/.gemini/antigravity/scratch/hinge-assistant/backend/outputs\user_test_original.jpg

============================================================
[STEP 1] Photo Scout Agent
============================================================
     [+] Analyzing photo characteristics...
       [?] Sending Groq request to model: meta-llama/llama-4-scout-17b-16e-instruct...
       [X] Groq Error: 'charmap' codec can't encode character '\u2713' in position 8: character maps to <undefined>
       [?] Sending Groq request to model: meta-llama/llama-4-scout-17b-16e-instruct...
       [X] Groq Error: 'charmap' codec can't encode character '\u2713' in position 8: character maps to <undefined>
       [?] Sending Groq request to model: meta-llama/llama-4-scout-17b-16e-instruct...
       [X] Groq Error: 'charmap' codec can't encode character '\u2713' in position 8: character maps to <undefined>
       [?] Sending Groq request to model: meta-llama/llama-4-scout-17b-16e-instruct...
       [X] Groq Error: 'charmap' codec can't encode character '\u2713' in position 8: character maps to <undefined>
       [?] Sending Groq request to model: meta-llama/llama-4-scout-17b-16e-instruct...
       [X] Groq Error: 'charmap' codec can't encode character '\u2713' in position 8: character maps to <undefined>
       [?] Sending Groq request to model: meta-llama/llama-4-scout-17b-16e-instruct...
       [X] Groq Error: 'charmap' codec can't encode character '\u2713' in position 8: character maps to <undefined>
       [?] Sending Groq request to model: meta-llama/llama-4-scout-17b-16e-instruct...
       [X] Groq Error: 'charmap' codec can't encode character '\u2713' in position 8: character maps to <undefined>
       [?] Sending Groq request to model: meta-llama/llama-4-scout-17b-16e-instruct...
       [X] Groq Error: 'charmap' codec can't encode character '\u2713' in position 8: character maps to <undefined>
       [?] Sending Groq request to model: meta-llama/llama-4-scout-17b-16e-instruct...
       [X] Groq Error: 'charmap' codec can't encode character '\u2713' in position 8: character maps to <undefined>
       [?] Sending Groq request to model: meta-llama/llama-4-scout-17b-16e-instruct...
       [X] Groq Error: 'charmap' codec can't encode character '\u2713' in position 8: character maps to <undefined>
       [?] Sending Groq request to model: meta-llama/llama-4-scout-17b-16e-instruct...
       [X] Groq Error: 'charmap' codec can't encode character '\u2713' in position 8: character maps to <undefined>
       [?] Sending Groq request to model: meta-llama/llama-4-scout-17b-16e-instruct...
       [X] Groq Error: 'charmap' codec can't encode character '\u2713' in position 8: character maps to <undefined>

FAILED: RetryError[<Future at 0x25f4b5e6760 state=finished raised UnicodeEncodeError>]
